// Jest Snapshot v1, https://goo.gl/fbAQLP

exports[`renders correctly 1`] = `
<div
  className="topper"
  id="space"
>
  <div
    className="searchLine"
  >
    <big
      className="Title"
    >
      FILMS
    </big>
    <div
      className="Search"
    >
      <form
        className="SearchForm"
      >
        <input
          className="SearchText"
          placeholder="Search here..."
          type="text"
        />
        <button
          className="SearchButton"
          id="push"
          type="submit"
        >
          âŒ•
        </button>
      </form>
    </div>
  </div>
  <div
    className="filmData"
  >
    <div
      className="Film"
    >
      <big
        className="Name"
      >
        THE JUNGLE BOOK
      </big>
      <h1
        className="Genres"
      >
        Adventure Drama Family Fantasy | 1h 46m
      </h1>
      <div
        className="RatePanel"
      >
        <div
          className="rate"
        >
          <span
            className="star"
          />
          <span
            className="star"
          />
          <span
            className="star"
          />
          <span
            className="star"
          />
          <span
            className="star"
          />
        </div>
        <h1
          className="Rate"
        >
          4.8
        </h1>
      </div>
    </div>
    <div
      className="info"
    >
      <button
        className="Watch"
        id="watch"
        type="button"
      >
        Watch now
      </button>
      <button
        className="View"
        id="check"
        type="button"
      >
        View info
      </button>
    </div>
  </div>
</div>
`;
